Archive member included to satisfy reference by file (symbol)

/opt/st/stm32cubeide_1.19.0/plugins/com.st.stm32cube.ide.mcu.externaltools.gnu-tools-for-stm32.13.3.rel1.linux64_1.0.0.202410170706/tools/bin/../lib/gcc/arm-none-eabi/13.3.1/../../../../arm-none-eabi/lib/thumb/v7-m/nofp/libc_nano.a(libc_a-exit.o)
                              /opt/st/stm32cubeide_1.19.0/plugins/com.st.stm32cube.ide.mcu.externaltools.gnu-tools-for-stm32.13.3.rel1.linux64_1.0.0.202410170706/tools/bin/../lib/gcc/arm-none-eabi/13.3.1/../../../../arm-none-eabi/lib/thumb/v7-m/nofp/crt0.o (exit)
/opt/st/stm32cubeide_1.19.0/plugins/com.st.stm32cube.ide.mcu.externaltools.gnu-tools-for-stm32.13.3.rel1.linux64_1.0.0.202410170706/tools/bin/../lib/gcc/arm-none-eabi/13.3.1/../../../../arm-none-eabi/lib/thumb/v7-m/nofp/libc_nano.a(libc_a-findfp.o)
                              /opt/st/stm32cubeide_1.19.0/plugins/com.st.stm32cube.ide.mcu.externaltools.gnu-tools-for-stm32.13.3.rel1.linux64_1.0.0.202410170706/tools/bin/../lib/gcc/arm-none-eabi/13.3.1/../../../../arm-none-eabi/lib/thumb/v7-m/nofp/libc_nano.a(libc_a-exit.o) (__stdio_exit_handler)
/opt/st/stm32cubeide_1.19.0/plugins/com.st.stm32cube.ide.mcu.externaltools.gnu-tools-for-stm32.13.3.rel1.linux64_1.0.0.202410170706/tools/bin/../lib/gcc/arm-none-eabi/13.3.1/../../../../arm-none-eabi/lib/thumb/v7-m/nofp/libc_nano.a(libc_a-fwalk.o)
                              /opt/st/stm32cubeide_1.19.0/plugins/com.st.stm32cube.ide.mcu.externaltools.gnu-tools-for-stm32.13.3.rel1.linux64_1.0.0.202410170706/tools/bin/../lib/gcc/arm-none-eabi/13.3.1/../../../../arm-none-eabi/lib/thumb/v7-m/nofp/libc_nano.a(libc_a-findfp.o) (_fwalk_sglue)
/opt/st/stm32cubeide_1.19.0/plugins/com.st.stm32cube.ide.mcu.externaltools.gnu-tools-for-stm32.13.3.rel1.linux64_1.0.0.202410170706/tools/bin/../lib/gcc/arm-none-eabi/13.3.1/../../../../arm-none-eabi/lib/thumb/v7-m/nofp/libc_nano.a(libc_a-stdio.o)
                              /opt/st/stm32cubeide_1.19.0/plugins/com.st.stm32cube.ide.mcu.externaltools.gnu-tools-for-stm32.13.3.rel1.linux64_1.0.0.202410170706/tools/bin/../lib/gcc/arm-none-eabi/13.3.1/../../../../arm-none-eabi/lib/thumb/v7-m/nofp/libc_nano.a(libc_a-findfp.o) (__sread)
/opt/st/stm32cubeide_1.19.0/plugins/com.st.stm32cube.ide.mcu.externaltools.gnu-tools-for-stm32.13.3.rel1.linux64_1.0.0.202410170706/tools/bin/../lib/gcc/arm-none-eabi/13.3.1/../../../../arm-none-eabi/lib/thumb/v7-m/nofp/libc_nano.a(libc_a-memset.o)
                              /opt/st/stm32cubeide_1.19.0/plugins/com.st.stm32cube.ide.mcu.externaltools.gnu-tools-for-stm32.13.3.rel1.linux64_1.0.0.202410170706/tools/bin/../lib/gcc/arm-none-eabi/13.3.1/../../../../arm-none-eabi/lib/thumb/v7-m/nofp/crt0.o (memset)
/opt/st/stm32cubeide_1.19.0/plugins/com.st.stm32cube.ide.mcu.externaltools.gnu-tools-for-stm32.13.3.rel1.linux64_1.0.0.202410170706/tools/bin/../lib/gcc/arm-none-eabi/13.3.1/../../../../arm-none-eabi/lib/thumb/v7-m/nofp/libc_nano.a(libc_a-closer.o)
                              /opt/st/stm32cubeide_1.19.0/plugins/com.st.stm32cube.ide.mcu.externaltools.gnu-tools-for-stm32.13.3.rel1.linux64_1.0.0.202410170706/tools/bin/../lib/gcc/arm-none-eabi/13.3.1/../../../../arm-none-eabi/lib/thumb/v7-m/nofp/libc_nano.a(libc_a-stdio.o) (_close_r)
/opt/st/stm32cubeide_1.19.0/plugins/com.st.stm32cube.ide.mcu.externaltools.gnu-tools-for-stm32.13.3.rel1.linux64_1.0.0.202410170706/tools/bin/../lib/gcc/arm-none-eabi/13.3.1/../../../../arm-none-eabi/lib/thumb/v7-m/nofp/libc_nano.a(libc_a-reent.o)
                              /opt/st/stm32cubeide_1.19.0/plugins/com.st.stm32cube.ide.mcu.externaltools.gnu-tools-for-stm32.13.3.rel1.linux64_1.0.0.202410170706/tools/bin/../lib/gcc/arm-none-eabi/13.3.1/../../../../arm-none-eabi/lib/thumb/v7-m/nofp/libc_nano.a(libc_a-closer.o) (errno)
/opt/st/stm32cubeide_1.19.0/plugins/com.st.stm32cube.ide.mcu.externaltools.gnu-tools-for-stm32.13.3.rel1.linux64_1.0.0.202410170706/tools/bin/../lib/gcc/arm-none-eabi/13.3.1/../../../../arm-none-eabi/lib/thumb/v7-m/nofp/libc_nano.a(libc_a-impure.o)
                              /opt/st/stm32cubeide_1.19.0/plugins/com.st.stm32cube.ide.mcu.externaltools.gnu-tools-for-stm32.13.3.rel1.linux64_1.0.0.202410170706/tools/bin/../lib/gcc/arm-none-eabi/13.3.1/../../../../arm-none-eabi/lib/thumb/v7-m/nofp/libc_nano.a(libc_a-reent.o) (_impure_ptr)
/opt/st/stm32cubeide_1.19.0/plugins/com.st.stm32cube.ide.mcu.externaltools.gnu-tools-for-stm32.13.3.rel1.linux64_1.0.0.202410170706/tools/bin/../lib/gcc/arm-none-eabi/13.3.1/../../../../arm-none-eabi/lib/thumb/v7-m/nofp/libc_nano.a(libc_a-lseekr.o)
                              /opt/st/stm32cubeide_1.19.0/plugins/com.st.stm32cube.ide.mcu.externaltools.gnu-tools-for-stm32.13.3.rel1.linux64_1.0.0.202410170706/tools/bin/../lib/gcc/arm-none-eabi/13.3.1/../../../../arm-none-eabi/lib/thumb/v7-m/nofp/libc_nano.a(libc_a-stdio.o) (_lseek_r)
[...]
Memory Configuration

Name             Origin             Length             Attributes
RAM              0x20000000         0x00005000         xrw
FLASH            0x08000000         0x00010000         xr
*default*        0x00000000         0xffffffff

Linker script and memory map

LOAD /opt/st/stm32cubeide_1.19.0/plugins/com.st.stm32cube.ide.mcu.externaltools.gnu-tools-for-stm32.13.3.rel1.linux64_1.0.0.202410170706/tools/bin/../lib/gcc/arm-none-eabi/13.3.1/thumb/v7-m/nofp/crti.o
LOAD /opt/st/stm32cubeide_1.19.0/plugins/com.st.stm32cube.ide.mcu.externaltools.gnu-tools-for-stm32.13.3.rel1.linux64_1.0.0.202410170706/tools/bin/../lib/gcc/arm-none-eabi/13.3.1/thumb/v7-m/nofp/crtbegin.o
LOAD /opt/st/stm32cubeide_1.19.0/plugins/com.st.stm32cube.ide.mcu.externaltools.gnu-tools-for-stm32.13.3.rel1.linux64_1.0.0.202410170706/tools/bin/../lib/gcc/arm-none-eabi/13.3.1/../../../../arm-none-eabi/lib/thumb/v7-m/nofp/crt0.o
LOAD ./Core/Src/conf.o
LOAD ./Core/Src/main.o
LOAD ./Core/Src/nrf24l01.o
LOAD ./Core/Src/stm32f1xx_hal_msp.o
LOAD ./Core/Src/stm32f1xx_it.o
LOAD ./Core/Src/syscalls.o
LOAD ./Core/Src/sysmem.o
LOAD ./Core/Src/system_stm32f1xx.o
LOAD ./Core/Startup/startup_stm32f103c8tx.o
LOAD ./Drivers/STM32F1xx_HAL_Driver/Src/stm32f1xx_hal.o
LOAD ./Drivers/STM32F1xx_HAL_Driver/Src/stm32f1xx_hal_cortex.o
LOAD ./Drivers/STM32F1xx_HAL_Driver/Src/stm32f1xx_hal_dma.o
LOAD ./Drivers/STM32F1xx_HAL_Driver/Src/stm32f1xx_hal_exti.o
LOAD ./Drivers/STM32F1xx_HAL_Driver/Src/stm32f1xx_hal_flash.o
LOAD ./Drivers/STM32F1xx_HAL_Driver/Src/stm32f1xx_hal_flash_ex.o
LOAD ./Drivers/STM32F1xx_HAL_Driver/Src/stm32f1xx_hal_gpio.o
LOAD ./Drivers/STM32F1xx_HAL_Driver/Src/stm32f1xx_hal_gpio_ex.o
LOAD ./Drivers/STM32F1xx_HAL_Driver/Src/stm32f1xx_hal_pwr.o
LOAD ./Drivers/STM32F1xx_HAL_Driver/Src/stm32f1xx_hal_rcc.o
LOAD ./Drivers/STM32F1xx_HAL_Driver/Src/stm32f1xx_hal_rcc_ex.o
LOAD ./Drivers/STM32F1xx_HAL_Driver/Src/stm32f1xx_hal_spi.o
START GROUP
LOAD /opt/st/stm32cubeide_1.19.0/plugins/com.st.stm32cube.ide.mcu.externaltools.gnu-tools-for-stm32.13.3.rel1.linux64_1.0.0.202410170706/tools/bin/../lib/gcc/arm-none-eabi/13.3.1/../../../../arm-none-eabi/lib/thumb/v7-m/nofp/libc_nano.a
LOAD /opt/st/stm32cubeide_1.19.0/plugins/com.st.stm32cube.ide.mcu.externaltools.gnu-tools-for-stm32.13.3.rel1.linux64_1.0.0.202410170706/tools/bin/../lib/gcc/arm-none-eabi/13.3.1/../../../../arm-none-eabi/lib/thumb/v7-m/nofp/libm.a
END GROUP
START GROUP
LOAD /opt/st/stm32cubeide_1.19.0/plugins/com.st.stm32cube.ide.mcu.externaltools.gnu-tools-for-stm32.13.3.rel1.linux64_1.0.0.202410170706/tools/bin/../lib/gcc/arm-none-eabi/13.3.1/thumb/v7-m/nofp/libgcc.a
LOAD /opt/st/stm32cubeide_1.19.0/plugins/com.st.stm32cube.ide.mcu.externaltools.gnu-tools-for-stm32.13.3.rel1.linux64_1.0.0.202410170706/tools/bin/../lib/gcc/arm-none-eabi/13.3.1/../../../../arm-none-eabi/lib/thumb/v7-m/nofp/libc_nano.a
END GROUP
START GROUP
LOAD /opt/st/stm32cubeide_1.19.0/plugins/com.st.stm32cube.ide.mcu.externaltools.gnu-tools-for-stm32.13.3.rel1.linux64_1.0.0.202410170706/tools/bin/../lib/gcc/arm-none-eabi/13.3.1/thumb/v7-m/nofp/libgcc.a
LOAD /opt/st/stm32cubeide_1.19.0/plugins/com.st.stm32cube.ide.mcu.externaltools.gnu-tools-for-stm32.13.3.rel1.linux64_1.0.0.202410170706/tools/bin/../lib/gcc/arm-none-eabi/13.3.1/../../../../arm-none-eabi/lib/thumb/v7-m/nofp/libc_nano.a
LOAD /opt/st/stm32cubeide_1.19.0/plugins/com.st.stm32cube.ide.mcu.externaltools.gnu-tools-for-stm32.13.3.rel1.linux64_1.0.0.202410170706/tools/bin/../lib/gcc/arm-none-eabi/13.3.1/../../../../arm-none-eabi/lib/thumb/v7-m/nofp/libnosys.a
END GROUP
START GROUP
LOAD /opt/st/stm32cubeide_1.19.0/plugins/com.st.stm32cube.ide.mcu.externaltools.gnu-tools-for-stm32.13.3.rel1.linux64_1.0.0.202410170706/tools/bin/../lib/gcc/arm-none-eabi/13.3.1/thumb/v7-m/nofp/libgcc.a
LOAD /opt/st/stm32cubeide_1.19.0/plugins/com.st.stm32cube.ide.mcu.externaltools.gnu-tools-for-stm32.13.3.rel1.linux64_1.0.0.202410170706/tools/bin/../lib/gcc/arm-none-eabi/13.3.1/../../../../arm-none-eabi/lib/thumb/v7-m/nofp/libc_nano.a
LOAD /opt/st/stm32cubeide_1.19.0/plugins/com.st.stm32cube.ide.mcu.externaltools.gnu-tools-for-stm32.13.3.rel1.linux64_1.0.0.202410170706/tools/bin/../lib/gcc/arm-none-eabi/13.3.1/../../../../arm-none-eabi/lib/thumb/v7-m/nofp/libnosys.a
END GROUP
LOAD /opt/st/stm32cubeide_1.19.0/plugins/com.st.stm32cube.ide.mcu.externaltools.gnu-tools-for-stm32.13.3.rel1.linux64_1.0.0.202410170706/tools/bin/../lib/gcc/arm-none-eabi/13.3.1/thumb/v7-m/nofp/crtend.o
LOAD /opt/st/stm32cubeide_1.19.0/plugins/com.st.stm32cube.ide.mcu.externaltools.gnu-tools-for-stm32.13.3.rel1.linux64_1.0.0.202410170706/tools/bin/../lib/gcc/arm-none-eabi/13.3.1/thumb/v7-m/nofp/crtn.o
                0x20005000                        _estack = (ORIGIN (RAM) + LENGTH (RAM))
                0x00000200                        _Min_Heap_Size = 0x200
                0x00000400                        _Min_Stack_Size = 0x400

.isr_vector     0x08000000      0x10c
                0x08000000                        . = ALIGN (0x4)
 *(.isr_vector)
 .isr_vector    0x08000000      0x10c ./Core/Startup/startup_stm32f103c8tx.o
                0x08000000                g_pfnVectors
                0x0800010c                        . = ALIGN (0x4)

.text           0x0800010c     0x26ec
                0x0800010c                        . = ALIGN (0x4)
 *(.text)
 .text          0x0800010c       0x40 /opt/st/stm32cubeide_1.19.0/plugins/com.st.stm32cube.ide.mcu.externaltools.gnu-tools-for-stm32.13.3.rel1.linux64_1.0.0.202410170706/tools/bin/../lib/gcc/arm-none-eabi/13.3.1/thumb/v7-m/nofp/crtbegin.o
 *(.text*)
 .text.confRCC  0x0800014c       0x28 ./Core/Src/conf.o
                0x0800014c                confRCC
 .text.confGPIO
                0x08000174       0x70 ./Core/Src/conf.o
                0x08000174                confGPIO
 .text.confTIMER
                0x080001e4       0xa0 ./Core/Src/conf.o
                0x080001e4                confTIMER
 .text.config   0x08000284       0x14 ./Core/Src/conf.o
                0x08000284                config
 .text.main     0x08000298       0x94 ./Core/Src/main.o
                0x08000298                main
 .text.SystemClock_Config
                0x0800032c       0x8a ./Core/Src/main.o
                0x0800032c                SystemClock_Config
 *fill*         0x080003b6        0x2 
 .text.MX_SPI2_Init
                0x080003b8       0x6c ./Core/Src/main.o
 .text.MX_GPIO_Init
                0x08000424       0x98 ./Core/Src/main.o
 .text.Error_Handler
                0x080004bc        0xc ./Core/Src/main.o
                0x080004bc                Error_Handler
 .text.NRF24_Init
                0x080004c8       0x74 ./Core/Src/nrf24l01.o
                0x080004c8                NRF24_Init
 .text.NRF24_Set_DataRate
                0x0800053c       0x96 ./Core/Src/nrf24l01.o
                0x0800053c                NRF24_Set_DataRate
 *fill*         0x080005d2        0x2 
 .text.NRF24_Set_PALevel
                0x080005d4       0xb0 ./Core/Src/nrf24l01.o
                0x080005d4                NRF24_Set_PALevel
 .text.NRF24_Set_Channel
                0x08000684       0x2c ./Core/Src/nrf24l01.o
                0x08000684                NRF24_Set_Channel
 .text.NRF24_Set_Mode
                0x080006b0       0xa4 ./Core/Src/nrf24l01.o
                0x080006b0                NRF24_Set_Mode
 .text.NRF24_Set_RxPipe
                0x08000754      0x128 ./Core/Src/nrf24l01.o
                0x08000754                NRF24_Set_RxPipe
 .text.NRF24_Available
                0x0800087c       0x60 ./Core/Src/nrf24l01.o
                0x0800087c                NRF24_Available
 .text.NRF24_Receive
                0x080008dc       0x84 ./Core/Src/nrf24l01.o
                0x080008dc                NRF24_Receive
 .text.NRF24_CE_Enable
                0x08000960       0x20 ./Core/Src/nrf24l01.o
 .text.NRF24_CE_Disable
                0x08000980       0x20 ./Core/Src/nrf24l01.o
 .text.NRF24_CSN_Enable
                0x080009a0       0x20 ./Core/Src/nrf24l01.o
 .text.NRF24_CSN_Disable
                0x080009c0       0x20 ./Core/Src/nrf24l01.o
 .text.NRF24_Write_Reg
                0x080009e0       0x56 ./Core/Src/nrf24l01.o
 .text.NRF24_Write_Buffer
                0x08000a36       0x78 ./Core/Src/nrf24l01.o
 .text.NRF24_Read_Reg
                0x08000aae       0x5a ./Core/Src/nrf24l01.o
 .text.NRF24_Send_Cmd
                0x08000b08       0x42 ./Core/Src/nrf24l01.o
 *fill*         0x08000b4a        0x2 
 .text.NRF24_Reset
                0x08000b4c      0x180 ./Core/Src/nrf24l01.o
 .text.HAL_MspInit
                0x08000ccc       0x64 ./Core/Src/stm32f1xx_hal_msp.o
                0x08000ccc                HAL_MspInit
 .text.HAL_SPI_MspInit
                0x08000d30       0x98 ./Core/Src/stm32f1xx_hal_msp.o
                0x08000d30                HAL_SPI_MspInit
 .text.NMI_Handler
                0x08000dc8        0x8 ./Core/Src/stm32f1xx_it.o
                0x08000dc8                NMI_Handler
 .text.HardFault_Handler
                0x08000dd0        0x8 ./Core/Src/stm32f1xx_it.o
                0x08000dd0                HardFault_Handler
 .text.MemManage_Handler
                0x08000dd8        0x8 ./Core/Src/stm32f1xx_it.o
                0x08000dd8                MemManage_Handler
 .text.BusFault_Handler
                0x08000de0        0x8 ./Core/Src/stm32f1xx_it.o
                0x08000de0                BusFault_Handler
 .text.UsageFault_Handler
                0x08000de8        0x8 ./Core/Src/stm32f1xx_it.o
                0x08000de8                UsageFault_Handler
 .text.SVC_Handler
                0x08000df0        0xc ./Core/Src/stm32f1xx_it.o
                0x08000df0                SVC_Handler
 .text.DebugMon_Handler
                0x08000dfc        0xc ./Core/Src/stm32f1xx_it.o
                0x08000dfc                DebugMon_Handler
 .text.PendSV_Handler
                0x08000e08        0xc ./Core/Src/stm32f1xx_it.o
                0x08000e08                PendSV_Handler
 .text.SysTick_Handler
                0x08000e14        0xc ./Core/Src/stm32f1xx_it.o
                0x08000e14                SysTick_Handler
 .text.SystemInit
                0x08000e20        0xc ./Core/Src/system_stm32f1xx.o
                0x08000e20                SystemInit
 .text.Reset_Handler
                0x08000e2c       0x48 ./Core/Startup/startup_stm32f103c8tx.o
                0x08000e2c                Reset_Handler
 .text.Default_Handler
                0x08000e74        0x2 ./Core/Startup/startup_stm32f103c8tx.o
                0x08000e74                RTC_Alarm_IRQHandler
                0x08000e74                EXTI2_IRQHandler
                0x08000e74                TIM1_CC_IRQHandler
                0x08000e74                PVD_IRQHandler
                0x08000e74                EXTI3_IRQHandler
                0x08000e74                EXTI0_IRQHandler
                0x08000e74                I2C2_EV_IRQHandler
                0x08000e74                ADC1_2_IRQHandler
                0x08000e74                SPI1_IRQHandler
                0x08000e74                TAMPER_IRQHandler
                0x08000e74                DMA1_Channel4_IRQHandler
                0x08000e74                USART3_IRQHandler
                0x08000e74                RTC_IRQHandler
                0x08000e74                DMA1_Channel7_IRQHandler
                0x08000e74                CAN1_RX1_IRQHandler
                0x08000e74                TIM4_IRQHandler
                0x08000e74                I2C1_EV_IRQHandler
                0x08000e74                DMA1_Channel6_IRQHandler
                0x08000e74                TIM3_IRQHandler
                0x08000e74                RCC_IRQHandler
                0x08000e74                TIM1_TRG_COM_IRQHandler
                0x08000e74                DMA1_Channel1_IRQHandler
                0x08000e74                Default_Handler
                0x08000e74                EXTI15_10_IRQHandler
                0x08000e74                EXTI9_5_IRQHandler
                0x08000e74                SPI2_IRQHandler
                0x08000e74                DMA1_Channel5_IRQHandler
                0x08000e74                EXTI4_IRQHandler
                0x08000e74                USB_LP_CAN1_RX0_IRQHandler
                0x08000e74                USB_HP_CAN1_TX_IRQHandler
                0x08000e74                DMA1_Channel3_IRQHandler
                0x08000e74                TIM1_UP_IRQHandler
                0x08000e74                WWDG_IRQHandler
                0x08000e74                TIM2_IRQHandler
                0x08000e74                TIM1_BRK_IRQHandler
                0x08000e74                EXTI1_IRQHandler
                0x08000e74                USART2_IRQHandler
                0x08000e74                I2C2_ER_IRQHandler
                0x08000e74                DMA1_Channel2_IRQHandler
                0x08000e74                CAN1_SCE_IRQHandler
                0x08000e74                FLASH_IRQHandler
                0x08000e74                USART1_IRQHandler
                0x08000e74                I2C1_ER_IRQHandler
                0x08000e74                USBWakeUp_IRQHandler
 *fill*         0x08000e76        0x2 
 .text.HAL_Init
                0x08000e78       0x2c ./Drivers/STM32F1xx_HAL_Driver/Src/stm32f1xx_hal.o
                0x08000e78                HAL_Init
 .text.HAL_InitTick
                0x08000ea4       0x60 ./Drivers/STM32F1xx_HAL_Driver/Src/stm32f1xx_hal.o
                0x08000ea4                HAL_InitTick
 .text.HAL_IncTick
                0x08000f04       0x24 ./Drivers/STM32F1xx_HAL_Driver/Src/stm32f1xx_hal.o
                0x08000f04                HAL_IncTick
 .text.HAL_GetTick
                0x08000f28       0x14 ./Drivers/STM32F1xx_HAL_Driver/Src/stm32f1xx_hal.o
                0x08000f28                HAL_GetTick
 .text.HAL_Delay
                0x08000f3c       0x48 ./Drivers/STM32F1xx_HAL_Driver/Src/stm32f1xx_hal.o
                0x08000f3c                HAL_Delay
 .text.__NVIC_SetPriorityGrouping
                0x08000f84       0x48 ./Drivers/STM32F1xx_HAL_Driver/Src/stm32f1xx_hal_cortex.o
 .text.__NVIC_GetPriorityGrouping
                0x08000fcc       0x1c ./Drivers/STM32F1xx_HAL_Driver/Src/stm32f1xx_hal_cortex.o
 .text.__NVIC_SetPriority
                0x08000fe8       0x54 ./Drivers/STM32F1xx_HAL_Driver/Src/stm32f1xx_hal_cortex.o
 .text.NVIC_EncodePriority
                0x0800103c       0x64 ./Drivers/STM32F1xx_HAL_Driver/Src/stm32f1xx_hal_cortex.o
 .text.SysTick_Config
                0x080010a0       0x44 ./Drivers/STM32F1xx_HAL_Driver/Src/stm32f1xx_hal_cortex.o
 .text.HAL_NVIC_SetPriorityGrouping
                0x080010e4       0x16 ./Drivers/STM32F1xx_HAL_Driver/Src/stm32f1xx_hal_cortex.o
                0x080010e4                HAL_NVIC_SetPriorityGrouping
 .text.HAL_NVIC_SetPriority
                0x080010fa       0x38 ./Drivers/STM32F1xx_HAL_Driver/Src/stm32f1xx_hal_cortex.o
                0x080010fa                HAL_NVIC_SetPriority
 .text.HAL_SYSTICK_Config
                0x08001132       0x18 ./Drivers/STM32F1xx_HAL_Driver/Src/stm32f1xx_hal_cortex.o
                0x08001132                HAL_SYSTICK_Config
 *fill*         0x0800114a        0x2 
 .text.HAL_GPIO_Init
                0x0800114c      0x308 ./Drivers/STM32F1xx_HAL_Driver/Src/stm32f1xx_hal_gpio.o
                0x0800114c                HAL_GPIO_Init
 .text.HAL_GPIO_WritePin
                0x08001454       0x30 ./Drivers/STM32F1xx_HAL_Driver/Src/stm32f1xx_hal_gpio.o
                0x08001454                HAL_GPIO_WritePin
 .text.HAL_RCC_OscConfig
                0x08001484      0x504 ./Drivers/STM32F1xx_HAL_Driver/Src/stm32f1xx_hal_rcc.o
                0x08001484                HAL_RCC_OscConfig
 .text.HAL_RCC_ClockConfig
                0x08001988      0x1d4 ./Drivers/STM32F1xx_HAL_Driver/Src/stm32f1xx_hal_rcc.o
                0x08001988                HAL_RCC_ClockConfig
 .text.HAL_RCC_GetSysClockFreq
                0x08001b5c       0xa8 ./Drivers/STM32F1xx_HAL_Driver/Src/stm32f1xx_hal_rcc.o
                0x08001b5c                HAL_RCC_GetSysClockFreq
 .text.RCC_Delay
                0x08001c04       0x3c ./Drivers/STM32F1xx_HAL_Driver/Src/stm32f1xx_hal_rcc.o
 .text.HAL_SPI_Init
                0x08001c40      0x108 ./Drivers/STM32F1xx_HAL_Driver/Src/stm32f1xx_hal_spi.o
                0x08001c40                HAL_SPI_Init
 .text.HAL_SPI_Transmit
                0x08001d48      0x288 ./Drivers/STM32F1xx_HAL_Driver/Src/stm32f1xx_hal_spi.o
                0x08001d48                HAL_SPI_Transmit
 .text.HAL_SPI_Receive
                0x08001fd0      0x232 ./Drivers/STM32F1xx_HAL_Driver/Src/stm32f1xx_hal_spi.o
                0x08001fd0                HAL_SPI_Receive
 .text.HAL_SPI_TransmitReceive
                0x08002202      0x352 ./Drivers/STM32F1xx_HAL_Driver/Src/stm32f1xx_hal_spi.o
                0x08002202                HAL_SPI_TransmitReceive
 .text.HAL_SPI_GetState
                0x08002554       0x1a ./Drivers/STM32F1xx_HAL_Driver/Src/stm32f1xx_hal_spi.o
                0x08002554                HAL_SPI_GetState
 *fill*         0x0800256e        0x2 
 .text.SPI_WaitFlagStateUntilTimeout
                0x08002570      0x110 ./Drivers/STM32F1xx_HAL_Driver/Src/stm32f1xx_hal_spi.o
 .text.SPI_EndRxTransaction
                0x08002680       0xa4 ./Drivers/STM32F1xx_HAL_Driver/Src/stm32f1xx_hal_spi.o
 .text.SPI_EndRxTxTransaction
                0x08002724       0x62 ./Drivers/STM32F1xx_HAL_Driver/Src/stm32f1xx_hal_spi.o
 .text.memset   0x08002786       0x10 /opt/st/stm32cubeide_1.19.0/plugins/com.st.stm32cube.ide.mcu.externaltools.gnu-tools-for-stm32.13.3.rel1.linux64_1.0.0.202410170706/tools/bin/../lib/gcc/arm-none-eabi/13.3.1/../../../../arm-none-eabi/lib/thumb/v7-m/nofp/libc_nano.a(libc_a-memset.o)
                0x08002786                memset
 *fill*         0x08002796        0x2 
 .text.__libc_init_array
                0x08002798       0x48 /opt/st/stm32cubeide_1.19.0/plugins/com.st.stm32cube.ide.mcu.externaltools.gnu-tools-for-stm32.13.3.rel1.linux64_1.0.0.202410170706/tools/bin/../lib/gcc/arm-none-eabi/13.3.1/../../../../arm-none-eabi/lib/thumb/v7-m/nofp/libc_nano.a(libc_a-init.o)
                0x08002798                __libc_init_array
 *(.glue_7)
 .glue_7        0x080027e0        0x0 linker stubs
 *(.glue_7t)
 .glue_7t       0x080027e0        0x0 linker stubs
 *(.eh_frame)
 .eh_frame      0x080027e0        0x0 /opt/st/stm32cubeide_1.19.0/plugins/com.st.stm32cube.ide.mcu.externaltools.gnu-tools-for-stm32.13.3.rel1.linux64_1.0.0.202410170706/tools/bin/../lib/gcc/arm-none-eabi/13.3.1/thumb/v7-m/nofp/crtbegin.o
 *(.init)
 .init          0x080027e0        0x4 /opt/st/stm32cubeide_1.19.0/plugins/com.st.stm32cube.ide.mcu.externaltools.gnu-tools-for-stm32.13.3.rel1.linux64_1.0.0.202410170706/tools/bin/../lib/gcc/arm-none-eabi/13.3.1/thumb/v7-m/nofp/crti.o
                0x080027e0                _init
 .init          0x080027e4        0x8 /opt/st/stm32cubeide_1.19.0/plugins/com.st.stm32cube.ide.mcu.externaltools.gnu-tools-for-stm32.13.3.rel1.linux64_1.0.0.202410170706/tools/bin/../lib/gcc/arm-none-eabi/13.3.1/thumb/v7-m/nofp/crtn.o
 *(.fini)
 .fini          0x080027ec        0x4 /opt/st/stm32cubeide_1.19.0/plugins/com.st.stm32cube.ide.mcu.externaltools.gnu-tools-for-stm32.13.3.rel1.linux64_1.0.0.202410170706/tools/bin/../lib/gcc/arm-none-eabi/13.3.1/thumb/v7-m/nofp/crti.o
                0x080027ec                _fini
 .fini          0x080027f0        0x8 /opt/st/stm32cubeide_1.19.0/plugins/com.st.stm32cube.ide.mcu.externaltools.gnu-tools-for-stm32.13.3.rel1.linux64_1.0.0.202410170706/tools/bin/../lib/gcc/arm-none-eabi/13.3.1/thumb/v7-m/nofp/crtn.o
                0x080027f8                        . = ALIGN (0x4)
                0x080027f8                        _etext = .

.vfp11_veneer   0x080027f8        0x0
 .vfp11_veneer  0x080027f8        0x0 linker stubs

.v4_bx          0x080027f8        0x0
 .v4_bx         0x080027f8        0x0 linker stubs

.iplt           0x080027f8        0x0
 .iplt          0x080027f8        0x0 /opt/st/stm32cubeide_1.19.0/plugins/com.st.stm32cube.ide.mcu.externaltools.gnu-tools-for-stm32.13.3.rel1.linux64_1.0.0.202410170706/tools/bin/../lib/gcc/arm-none-eabi/13.3.1/thumb/v7-m/nofp/crtbegin.o

.rodata         0x080027f8       0x34
                0x080027f8                        . = ALIGN (0x4)
 *(.rodata)
 .rodata        0x080027f8        0xd ./Core/Src/nrf24l01.o
 *(.rodata*)
 *fill*         0x08002805        0x3 
 .rodata.AHBPrescTable
                0x08002808       0x10 ./Core/Src/system_stm32f1xx.o
                0x08002808                AHBPrescTable
 .rodata.aPLLMULFactorTable.1
                0x08002818       0x10 ./Drivers/STM32F1xx_HAL_Driver/Src/stm32f1xx_hal_rcc.o
 .rodata.aPredivFactorTable.0
                0x08002828        0x2 ./Drivers/STM32F1xx_HAL_Driver/Src/stm32f1xx_hal_rcc.o
                0x0800282c                        . = ALIGN (0x4)
 *fill*         0x0800282a        0x2 

.ARM.extab      0x0800282c        0x0
                0x0800282c                        . = ALIGN (0x4)
 *(.ARM.extab* .gnu.linkonce.armextab.*)
                0x0800282c                        . = ALIGN (0x4)

.ARM            0x0800282c        0x0
                0x0800282c                        . = ALIGN (0x4)
                0x0800282c                        __exidx_start = .
 *(.ARM.exidx*)
                0x0800282c                        __exidx_end = .
                0x0800282c                        . = ALIGN (0x4)

.preinit_array  0x0800282c        0x0
                0x0800282c                        . = ALIGN (0x4)
                0x0800282c                        PROVIDE (__preinit_array_start = .)
 *(.preinit_array*)
                0x0800282c                        PROVIDE (__preinit_array_end = .)
                0x0800282c                        . = ALIGN (0x4)

.init_array     0x0800282c        0x4
                0x0800282c                        . = ALIGN (0x4)
                0x0800282c                        PROVIDE (__init_array_start = .)
 *(SORT_BY_NAME(.init_array.*))
 *(.init_array*)
 .init_array    0x0800282c        0x4 /opt/st/stm32cubeide_1.19.0/plugins/com.st.stm32cube.ide.mcu.externaltools.gnu-tools-for-stm32.13.3.rel1.linux64_1.0.0.202410170706/tools/bin/../lib/gcc/arm-none-eabi/13.3.1/thumb/v7-m/nofp/crtbegin.o
                0x08002830                        PROVIDE (__init_array_end = .)
                0x08002830                        . = ALIGN (0x4)

.fini_array     0x08002830        0x4
                0x08002830                        . = ALIGN (0x4)
                [!provide]                        PROVIDE (__fini_array_start = .)
 *(SORT_BY_NAME(.fini_array.*))
 *(.fini_array*)
 .fini_array    0x08002830        0x4 /opt/st/stm32cubeide_1.19.0/plugins/com.st.stm32cube.ide.mcu.externaltools.gnu-tools-for-stm32.13.3.rel1.linux64_1.0.0.202410170706/tools/bin/../lib/gcc/arm-none-eabi/13.3.1/thumb/v7-m/nofp/crtbegin.o
                [!provide]                        PROVIDE (__fini_array_end = .)
                0x08002834                        . = ALIGN (0x4)
                0x08002834                        _sidata = LOADADDR (.data)

.rel.dyn        0x08002834        0x0
 .rel.iplt      0x08002834        0x0 /opt/st/stm32cubeide_1.19.0/plugins/com.st.stm32cube.ide.mcu.externaltools.gnu-tools-for-stm32.13.3.rel1.linux64_1.0.0.202410170706/tools/bin/../lib/gcc/arm-none-eabi/13.3.1/thumb/v7-m/nofp/crtbegin.o

.data           0x20000000       0x14 load address 0x08002834
                0x20000000                        . = ALIGN (0x4)
                0x20000000                        _sdata = .
 *(.data)
 *(.data*)
 .data.rxAddr   0x20000000        0x5 ./Core/Src/main.o
                0x20000000                rxAddr
 *fill*         0x20000005        0x3 
 .data.SystemCoreClock
                0x20000008        0x4 ./Core/Src/system_stm32f1xx.o
                0x20000008                SystemCoreClock
 .data.uwTickPrio
                0x2000000c        0x4 ./Drivers/STM32F1xx_HAL_Driver/Src/stm32f1xx_hal.o
                0x2000000c                uwTickPrio
 .data.uwTickFreq
                0x20000010        0x1 ./Drivers/STM32F1xx_HAL_Driver/Src/stm32f1xx_hal.o
                0x20000010                uwTickFreq
 *(.RamFunc)
 *(.RamFunc*)
                0x20000014                        . = ALIGN (0x4)
 *fill*         0x20000011        0x3 
                0x20000014                        _edata = .

.igot.plt       0x20000014        0x0 load address 0x08002848
 .igot.plt      0x20000014        0x0 /opt/st/stm32cubeide_1.19.0/plugins/com.st.stm32cube.ide.mcu.externaltools.gnu-tools-for-stm32.13.3.rel1.linux64_1.0.0.202410170706/tools/bin/../lib/gcc/arm-none-eabi/13.3.1/thumb/v7-m/nofp/crtbegin.o
                0x20000014                        . = ALIGN (0x4)

.bss            0x20000014       0xa0 load address 0x08002848
                0x20000014                        _sbss = .
                0x20000014                        __bss_start__ = _sbss
 *(.bss)
 .bss           0x20000014       0x1c /opt/st/stm32cubeide_1.19.0/plugins/com.st.stm32cube.ide.mcu.externaltools.gnu-tools-for-stm32.13.3.rel1.linux64_1.0.0.202410170706/tools/bin/../lib/gcc/arm-none-eabi/13.3.1/thumb/v7-m/nofp/crtbegin.o
 *(.bss*)
 .bss.hspi2     0x20000030       0x58 ./Core/Src/main.o
                0x20000030                hspi2
 .bss.nrfRx     0x20000088       0x20 ./Core/Src/main.o
                0x20000088                nrfRx
 .bss.rx_data   0x200000a8        0x7 ./Core/Src/main.o
                0x200000a8                rx_data
 *fill*         0x200000af        0x1 
 .bss.uwTick    0x200000b0        0x4 ./Drivers/STM32F1xx_HAL_Driver/Src/stm32f1xx_hal.o
                0x200000b0                uwTick
 *(COMMON)
                0x200000b4                        . = ALIGN (0x4)
                0x200000b4                        _ebss = .
                0x200000b4                        __bss_end__ = _ebss

._user_heap_stack
                0x200000b4      0x604 load address 0x08002848
                0x200000b8                        . = ALIGN (0x8)
 *fill*         0x200000b4        0x4 
                [!provide]                        PROVIDE (end = .)
                0x200000b8                        PROVIDE (_end = .)
                0x200002b8                        . = (. + _Min_Heap_Size)
 *fill*         0x200000b8      0x200 
                0x200006b8                        . = (. + _Min_Stack_Size)
 *fill*         0x200002b8      0x400 
                0x200006b8                        . = ALIGN (0x8)

/DISCARD/
 libc.a(*)
 libm.a(*)
 libgcc.a(*)

.ARM.attributes
                0x00000000       0x29
 *(.ARM.attributes)
 .ARM.attributes
                0x00000000       0x1d /opt/st/stm32cubeide_1.19.0/plugins/com.st.stm32cube.ide.mcu.externaltools.gnu-tools-for-stm32.13.3.rel1.linux64_1.0.0.202410170706/tools/bin/../lib/gcc/arm-none-eabi/13.3.1/thumb/v7-m/nofp/crti.o
 .ARM.attributes
                0x0000001d       0x2d /opt/st/stm32cubeide_1.19.0/plugins/com.st.stm32cube.ide.mcu.externaltools.gnu-tools-for-stm32.13.3.rel1.linux64_1.0.0.202410170706/tools/bin/../lib/gcc/arm-none-eabi/13.3.1/thumb/v7-m/nofp/crtbegin.o
 .ARM.attributes
                0x0000004a       0x2d ./Core/Src/conf.o
 .ARM.attributes
                0x00000077       0x2d ./Core/Src/main.o
 .ARM.attributes
                0x000000a4       0x2d ./Core/Src/nrf24l01.o
 .ARM.attributes
                0x000000d1       0x2d ./Core/Src/stm32f1xx_hal_msp.o
 .ARM.attributes
                0x000000fe       0x2d ./Core/Src/stm32f1xx_it.o
 .ARM.attributes
                0x0000012b       0x2d ./Core/Src/system_stm32f1xx.o
 .ARM.attributes
                0x00000158       0x21 ./Core/Startup/startup_stm32f103c8tx.o
 .ARM.attributes
                0x00000179       0x2d ./Drivers/STM32F1xx_HAL_Driver/Src/stm32f1xx_hal.o
 .ARM.attributes
                0x000001a6       0x2d ./Drivers/STM32F1xx_HAL_Driver/Src/stm32f1xx_hal_cortex.o
 .ARM.attributes
                0x000001d3       0x2d ./Drivers/STM32F1xx_HAL_Driver/Src/stm32f1xx_hal_gpio.o
 .ARM.attributes
                0x00000200       0x2d ./Drivers/STM32F1xx_HAL_Driver/Src/stm32f1xx_hal_rcc.o
 .ARM.attributes
                0x0000022d       0x2d ./Drivers/STM32F1xx_HAL_Driver/Src/stm32f1xx_hal_spi.o
 .ARM.attributes
                0x0000025a       0x2d /opt/st/stm32cubeide_1.19.0/plugins/com.st.stm32cube.ide.mcu.externaltools.gnu-tools-for-stm32.13.3.rel1.linux64_1.0.0.202410170706/tools/bin/../lib/gcc/arm-none-eabi/13.3.1/../../../../arm-none-eabi/lib/thumb/v7-m/nofp/libc_nano.a(libc_a-memset.o)
 .ARM.attributes
                0x00000287       0x2d /opt/st/stm32cubeide_1.19.0/plugins/com.st.stm32cube.ide.mcu.externaltools.gnu-tools-for-stm32.13.3.rel1.linux64_1.0.0.202410170706/tools/bin/../lib/gcc/arm-none-eabi/13.3.1/../../../../arm-none-eabi/lib/thumb/v7-m/nofp/libc_nano.a(libc_a-init.o)
 .ARM.attributes
                0x000002b4       0x1d /opt/st/stm32cubeide_1.19.0/plugins/com.st.stm32cube.ide.mcu.externaltools.gnu-tools-for-stm32.13.3.rel1.linux64_1.0.0.202410170706/tools/bin/../lib/gcc/arm-none-eabi/13.3.1/thumb/v7-m/nofp/crtn.o
OUTPUT(CARRITOBLUEPILL.elf elf32-littlearm)
LOAD linker stubs
LOAD /opt/st/stm32cubeide_1.19.0/plugins/com.st.stm32cube.ide.mcu.externaltools.gnu-tools-for-stm32.13.3.rel1.linux64_1.0.0.202410170706/tools/bin/../lib/gcc/arm-none-eabi/13.3.1/../../../../arm-none-eabi/lib/thumb/v7-m/nofp/libc.a
LOAD /opt/st/stm32cubeide_1.19.0/plugins/com.st.stm32cube.ide.mcu.externaltools.gnu-tools-for-stm32.13.3.rel1.linux64_1.0.0.202410170706/tools/bin/../lib/gcc/arm-none-eabi/13.3.1/../../../../arm-none-eabi/lib/thumb/v7-m/nofp/libm.a
LOAD /opt/st/stm32cubeide_1.19.0/plugins/com.st.stm32cube.ide.mcu.externaltools.gnu-tools-for-stm32.13.3.rel1.linux64_1.0.0.202410170706/tools/bin/../lib/gcc/arm-none-eabi/13.3.1/thumb/v7-m/nofp/libgcc.a

.debug_info     0x00000000     0x5d34
 .debug_info    0x00000000      0x46c ./Core/Src/conf.o
 .debug_info    0x0000046c      0xbf6 ./Core/Src/main.o
 .debug_info    0x00001062      0xe16 ./Core/Src/nrf24l01.o
 .debug_info    0x00001e78      0x81f ./Core/Src/stm32f1xx_hal_msp.o
 .debug_info    0x00002697      0x113 ./Core/Src/stm32f1xx_it.o
 .debug_info    0x000027aa      0x222 ./Core/Src/system_stm32f1xx.o
 .debug_info    0x000029cc       0x30 ./Core/Startup/startup_stm32f103c8tx.o
 .debug_info    0x000029fc      0x704 ./Drivers/STM32F1xx_HAL_Driver/Src/stm32f1xx_hal.o
 .debug_info    0x00003100      0xa87 ./Drivers/STM32F1xx_HAL_Driver/Src/stm32f1xx_hal_cortex.o
 .debug_info    0x00003b87      0x5ab ./Drivers/STM32F1xx_HAL_Driver/Src/stm32f1xx_hal_gpio.o
 .debug_info    0x00004132      0x7d5 ./Drivers/STM32F1xx_HAL_Driver/Src/stm32f1xx_hal_rcc.o
 .debug_info    0x00004907     0x142d ./Drivers/STM32F1xx_HAL_Driver/Src/stm32f1xx_hal_spi.o

.debug_abbrev   0x00000000     0x1605
 .debug_abbrev  0x00000000      0x145 ./Core/Src/conf.o
 .debug_abbrev  0x00000145      0x277 ./Core/Src/main.o
 .debug_abbrev  0x000003bc      0x2d7 ./Core/Src/nrf24l01.o
 .debug_abbrev  0x00000693      0x1ac ./Core/Src/stm32f1xx_hal_msp.o
 .debug_abbrev  0x0000083f       0x73 ./Core/Src/stm32f1xx_it.o
 .debug_abbrev  0x000008b2      0x13f ./Core/Src/system_stm32f1xx.o
 .debug_abbrev  0x000009f1       0x24 ./Core/Startup/startup_stm32f103c8tx.o
 .debug_abbrev  0x00000a15      0x201 ./Drivers/STM32F1xx_HAL_Driver/Src/stm32f1xx_hal.o
 .debug_abbrev  0x00000c16      0x2f8 ./Drivers/STM32F1xx_HAL_Driver/Src/stm32f1xx_hal_cortex.o
 .debug_abbrev  0x00000f0e      0x1ca ./Drivers/STM32F1xx_HAL_Driver/Src/stm32f1xx_hal_gpio.o
 .debug_abbrev  0x000010d8      0x2b3 ./Drivers/STM32F1xx_HAL_Driver/Src/stm32f1xx_hal_rcc.o
 .debug_abbrev  0x0000138b      0x27a ./Drivers/STM32F1xx_HAL_Driver/Src/stm32f1xx_hal_spi.o

.debug_aranges  0x00000000      0x6e8
 .debug_aranges
                0x00000000       0x68 ./Core/Src/conf.o
 .debug_aranges
                0x00000068       0x40 ./Core/Src/main.o
 .debug_aranges
                0x000000a8       0xc8 ./Core/Src/nrf24l01.o
 .debug_aranges
                0x00000170       0x30 ./Core/Src/stm32f1xx_hal_msp.o
 .debug_aranges
                0x000001a0       0x60 ./Core/Src/stm32f1xx_it.o
 .debug_aranges
                0x00000200       0x28 ./Core/Src/system_stm32f1xx.o
 .debug_aranges
                0x00000228       0x28 ./Core/Startup/startup_stm32f103c8tx.o
 .debug_aranges
                0x00000250       0xe0 ./Drivers/STM32F1xx_HAL_Driver/Src/stm32f1xx_hal.o
 .debug_aranges
                0x00000330      0x100 ./Drivers/STM32F1xx_HAL_Driver/Src/stm32f1xx_hal_cortex.o
 .debug_aranges
                0x00000430       0x58 ./Drivers/STM32F1xx_HAL_Driver/Src/stm32f1xx_hal_gpio.o
 .debug_aranges
                0x00000488       0x90 ./Drivers/STM32F1xx_HAL_Driver/Src/stm32f1xx_hal_rcc.o
 .debug_aranges
                0x00000518      0x1d0 ./Drivers/STM32F1xx_HAL_Driver/Src/stm32f1xx_hal_spi.o

.debug_rnglists
                0x00000000      0x520
 .debug_rnglists
                0x00000000       0x4b ./Core/Src/conf.o
 .debug_rnglists
                0x0000004b       0x2e ./Core/Src/main.o
 .debug_rnglists
                0x00000079       0x9a ./Core/Src/nrf24l01.o
 .debug_rnglists
                0x00000113       0x20 ./Core/Src/stm32f1xx_hal_msp.o
 .debug_rnglists
                0x00000133       0x43 ./Core/Src/stm32f1xx_it.o
 .debug_rnglists
                0x00000176       0x1a ./Core/Src/system_stm32f1xx.o
 .debug_rnglists
                0x00000190       0x19 ./Core/Startup/startup_stm32f103c8tx.o
 .debug_rnglists
                0x000001a9       0xa3 ./Drivers/STM32F1xx_HAL_Driver/Src/stm32f1xx_hal.o
 .debug_rnglists
                0x0000024c       0xbb ./Drivers/STM32F1xx_HAL_Driver/Src/stm32f1xx_hal_cortex.o
 .debug_rnglists
                0x00000307       0x3f ./Drivers/STM32F1xx_HAL_Driver/Src/stm32f1xx_hal_gpio.o
 .debug_rnglists
                0x00000346       0x6c ./Drivers/STM32F1xx_HAL_Driver/Src/stm32f1xx_hal_rcc.o
 .debug_rnglists
                0x000003b2      0x16e ./Drivers/STM32F1xx_HAL_Driver/Src/stm32f1xx_hal_spi.o

.debug_macro    0x00000000    0x16b8c
 .debug_macro   0x00000000      0x284 ./Core/Src/conf.o
 .debug_macro   0x00000284      0xacc ./Core/Src/conf.o
 .debug_macro   0x00000d50      0x215 ./Core/Src/conf.o
 .debug_macro   0x00000f65       0x2e ./Core/Src/conf.o
 .debug_macro   0x00000f93       0x22 ./Core/Src/conf.o
 .debug_macro   0x00000fb5       0x22 ./Core/Src/conf.o
 .debug_macro   0x00000fd7       0x8e ./Core/Src/conf.o
 .debug_macro   0x00001065       0x51 ./Core/Src/conf.o
 .debug_macro   0x000010b6      0x103 ./Core/Src/conf.o
 .debug_macro   0x000011b9       0x6a ./Core/Src/conf.o
 .debug_macro   0x00001223      0x1df ./Core/Src/conf.o
 .debug_macro   0x00001402       0x1c ./Core/Src/conf.o
 .debug_macro   0x0000141e       0x22 ./Core/Src/conf.o
 .debug_macro   0x00001440       0xbd ./Core/Src/conf.o
 .debug_macro   0x000014fd      0xd23 ./Core/Src/conf.o
 .debug_macro   0x00002220     0xe09e ./Core/Src/conf.o
 .debug_macro   0x000102be       0x6d ./Core/Src/conf.o
 .debug_macro   0x0001032b     0x34a2 ./Core/Src/conf.o
 .debug_macro   0x000137cd      0x190 ./Core/Src/conf.o
 .debug_macro   0x0001395d       0x5c ./Core/Src/conf.o
 .debug_macro   0x000139b9      0x5bc ./Core/Src/conf.o
 .debug_macro   0x00013f75      0x289 ./Core/Src/conf.o
 .debug_macro   0x000141fe      0x1cb ./Core/Src/conf.o
 .debug_macro   0x000143c9      0x114 ./Core/Src/conf.o
 .debug_macro   0x000144dd      0x1b2 ./Core/Src/conf.o
 .debug_macro   0x0001468f       0x27 ./Core/Src/conf.o
 .debug_macro   0x000146b6      0x136 ./Core/Src/conf.o
 .debug_macro   0x000147ec      0x1bc ./Core/Src/conf.o
 .debug_macro   0x000149a8       0x34 ./Core/Src/conf.o
 .debug_macro   0x000149dc       0x3c ./Core/Src/conf.o
 .debug_macro   0x00014a18       0x57 ./Core/Src/conf.o
 .debug_macro   0x00014a6f       0x87 ./Core/Src/conf.o
 .debug_macro   0x00014af6      0x240 ./Core/Src/conf.o
 .debug_macro   0x00014d36      0x140 ./Core/Src/conf.o
 .debug_macro   0x00014e76      0x217 ./Core/Src/conf.o
 .debug_macro   0x0001508d       0x83 ./Core/Src/conf.o
 .debug_macro   0x00015110       0x61 ./Core/Src/conf.o
 .debug_macro   0x00015171       0x24 ./Core/Src/conf.o
 .debug_macro   0x00015195       0x43 ./Core/Src/conf.o
 .debug_macro   0x000151d8       0x34 ./Core/Src/conf.o
 .debug_macro   0x0001520c      0x370 ./Core/Src/conf.o
 .debug_macro   0x0001557c       0x16 ./Core/Src/conf.o
 .debug_macro   0x00015592       0x4a ./Core/Src/conf.o
 .debug_macro   0x000155dc       0x34 ./Core/Src/conf.o
 .debug_macro   0x00015610       0x10 ./Core/Src/conf.o
 .debug_macro   0x00015620       0x58 ./Core/Src/conf.o
 .debug_macro   0x00015678       0x8e ./Core/Src/conf.o
 .debug_macro   0x00015706       0x1c ./Core/Src/conf.o
 .debug_macro   0x00015722      0x185 ./Core/Src/conf.o
 .debug_macro   0x000158a7       0x10 ./Core/Src/conf.o
 .debug_macro   0x000158b7       0x3c ./Core/Src/conf.o
 .debug_macro   0x000158f3       0x20 ./Core/Src/conf.o
 .debug_macro   0x00015913      0x289 ./Core/Src/main.o
 .debug_macro   0x00015b9c      0x112 ./Core/Src/main.o
 .debug_macro   0x00015cae      0x1a7 ./Core/Src/nrf24l01.o
 .debug_macro   0x00015e55      0x198 ./Core/Src/stm32f1xx_hal_msp.o
 .debug_macro   0x00015fed      0x1a2 ./Core/Src/stm32f1xx_it.o
 .debug_macro   0x0001618f      0x18e ./Core/Src/system_stm32f1xx.o
 .debug_macro   0x0001631d      0x1b2 ./Drivers/STM32F1xx_HAL_Driver/Src/stm32f1xx_hal.o
 .debug_macro   0x000164cf      0x18e ./Drivers/STM32F1xx_HAL_Driver/Src/stm32f1xx_hal_cortex.o
 .debug_macro   0x0001665d      0x1f9 ./Drivers/STM32F1xx_HAL_Driver/Src/stm32f1xx_hal_gpio.o
 .debug_macro   0x00016856      0x1a0 ./Drivers/STM32F1xx_HAL_Driver/Src/stm32f1xx_hal_rcc.o
 .debug_macro   0x000169f6      0x196 ./Drivers/STM32F1xx_HAL_Driver/Src/stm32f1xx_hal_spi.o

.debug_line     0x00000000     0x7691
 .debug_line    0x00000000      0x93e ./Core/Src/conf.o
 .debug_line    0x0000093e      0x882 ./Core/Src/main.o
 .debug_line    0x000011c0      0xb78 ./Core/Src/nrf24l01.o
 .debug_line    0x00001d38      0x663 ./Core/Src/stm32f1xx_hal_msp.o
 .debug_line    0x0000239b      0x6be ./Core/Src/stm32f1xx_it.o
 .debug_line    0x00002a59      0x68e ./Core/Src/system_stm32f1xx.o
 .debug_line    0x000030e7       0x78 ./Core/Startup/startup_stm32f103c8tx.o
 .debug_line    0x0000315f      0x8bf ./Drivers/STM32F1xx_HAL_Driver/Src/stm32f1xx_hal.o
 .debug_line    0x00003a1e      0xa89 ./Drivers/STM32F1xx_HAL_Driver/Src/stm32f1xx_hal_cortex.o
 .debug_line    0x000044a7      0x91c ./Drivers/STM32F1xx_HAL_Driver/Src/stm32f1xx_hal_gpio.o
 .debug_line    0x00004dc3      0xd78 ./Drivers/STM32F1xx_HAL_Driver/Src/stm32f1xx_hal_rcc.o
 .debug_line    0x00005b3b     0x1b56 ./Drivers/STM32F1xx_HAL_Driver/Src/stm32f1xx_hal_spi.o

.debug_str      0x00000000    0x811f9
 .debug_str     0x00000000    0x811f9 ./Core/Src/conf.o
                              0x7f528 (size before relaxing)
 .debug_str     0x000811f9    0x7fe19 ./Core/Src/main.o
 .debug_str     0x000811f9    0x7cbc4 ./Core/Src/nrf24l01.o
 .debug_str     0x000811f9    0x7c67d ./Core/Src/stm32f1xx_hal_msp.o
 .debug_str     0x000811f9    0x7c237 ./Core/Src/stm32f1xx_it.o
 .debug_str     0x000811f9    0x7c24d ./Core/Src/system_stm32f1xx.o
 .debug_str     0x000811f9       0x7e ./Core/Startup/startup_stm32f103c8tx.o
 .debug_str     0x000811f9    0x7c980 ./Drivers/STM32F1xx_HAL_Driver/Src/stm32f1xx_hal.o
 .debug_str     0x000811f9    0x7c8cc ./Drivers/STM32F1xx_HAL_Driver/Src/stm32f1xx_hal_cortex.o
 .debug_str     0x000811f9    0x7c5d3 ./Drivers/STM32F1xx_HAL_Driver/Src/stm32f1xx_hal_gpio.o
 .debug_str     0x000811f9    0x7c67c ./Drivers/STM32F1xx_HAL_Driver/Src/stm32f1xx_hal_rcc.o
 .debug_str     0x000811f9    0x7cb73 ./Drivers/STM32F1xx_HAL_Driver/Src/stm32f1xx_hal_spi.o

.comment        0x00000000       0x43
 .comment       0x00000000       0x43 ./Core/Src/conf.o
                                 0x44 (size before relaxing)
 .comment       0x00000043       0x44 ./Core/Src/main.o
 .comment       0x00000043       0x44 ./Core/Src/nrf24l01.o
 .comment       0x00000043       0x44 ./Core/Src/stm32f1xx_hal_msp.o
 .comment       0x00000043       0x44 ./Core/Src/stm32f1xx_it.o
 .comment       0x00000043       0x44 ./Core/Src/system_stm32f1xx.o
 .comment       0x00000043       0x44 ./Drivers/STM32F1xx_HAL_Driver/Src/stm32f1xx_hal.o
 .comment       0x00000043       0x44 ./Drivers/STM32F1xx_HAL_Driver/Src/stm32f1xx_hal_cortex.o
 .comment       0x00000043       0x44 ./Drivers/STM32F1xx_HAL_Driver/Src/stm32f1xx_hal_gpio.o
 .comment       0x00000043       0x44 ./Drivers/STM32F1xx_HAL_Driver/Src/stm32f1xx_hal_rcc.o
 .comment       0x00000043       0x44 ./Drivers/STM32F1xx_HAL_Driver/Src/stm32f1xx_hal_spi.o

.debug_frame    0x00000000     0x1a40
 .debug_frame   0x00000000      0x160 ./Core/Src/conf.o
 .debug_frame   0x00000160       0xa8 ./Core/Src/main.o
 .debug_frame   0x00000208      0x32c ./Core/Src/nrf24l01.o
 .debug_frame   0x00000534       0x80 ./Core/Src/stm32f1xx_hal_msp.o
 .debug_frame   0x000005b4      0x104 ./Core/Src/stm32f1xx_it.o
 .debug_frame   0x000006b8       0x58 ./Core/Src/system_stm32f1xx.o
 .debug_frame   0x00000710      0x334 ./Drivers/STM32F1xx_HAL_Driver/Src/stm32f1xx_hal.o
 .debug_frame   0x00000a44      0x428 ./Drivers/STM32F1xx_HAL_Driver/Src/stm32f1xx_hal_cortex.o
 .debug_frame   0x00000e6c      0x14c ./Drivers/STM32F1xx_HAL_Driver/Src/stm32f1xx_hal_gpio.o
 .debug_frame   0x00000fb8      0x218 ./Drivers/STM32F1xx_HAL_Driver/Src/stm32f1xx_hal_rcc.o
 .debug_frame   0x000011d0      0x824 ./Drivers/STM32F1xx_HAL_Driver/Src/stm32f1xx_hal_spi.o
 .debug_frame   0x000019f4       0x20 /opt/st/stm32cubeide_1.19.0/plugins/com.st.stm32cube.ide.mcu.externaltools.gnu-tools-for-stm32.13.3.rel1.linux64_1.0.0.202410170706/tools/bin/../lib/gcc/arm-none-eabi/13.3.1/../../../../arm-none-eabi/lib/thumb/v7-m/nofp/libc_nano.a(libc_a-memset.o)
 .debug_frame   0x00001a14       0x2c /opt/st/stm32cubeide_1.19.0/plugins/com.st.stm32cube.ide.mcu.externaltools.gnu-tools-for-stm32.13.3.rel1.linux64_1.0.0.202410170706/tools/bin/../lib/gcc/arm-none-eabi/13.3.1/../../../../arm-none-eabi/lib/thumb/v7-m/nofp/libc_nano.a(libc_a-init.o)

.debug_line_str
                0x00000000       0x62
 .debug_line_str
                0x00000000       0x62 ./Core/Startup/startup_stm32f103c8tx.o
