../Core/Src/lcdi2c.c:11:13:LCD_SendCommand	24	static
../Core/Src/lcdi2c.c:19:13:LCD_Write4Bits	16	static
../Core/Src/lcdi2c.c:24:13:LCD_PulseEnable	16	static
../Core/Src/lcdi2c.c:30:6:delay_ms	24	static
../Core/Src/lcdi2c.c:36:6:LCD_Init	8	static
../Core/Src/lcdi2c.c:55:6:LCD_Clear	8	static
../Core/Src/lcdi2c.c:60:6:LCD_ReturnHome	8	static
../Core/Src/lcdi2c.c:66:6:LCD_ScrollLeft	24	static
../Core/Src/lcdi2c.c:72:6:LCD_ScrollRight	24	static
../Core/Src/lcdi2c.c:77:6:LCD_SendChar	24	static
../Core/Src/lcdi2c.c:84:6:LCD_SendString	16	static
../Core/Src/lcdi2c.c:91:6:LCD_SetCursor	24	static
