../Drivers/CMSIS/Include/core_cm4.h:1684:22:__NVIC_EnableIRQ	16	static,ignoring_inline_asm
../Drivers/CMSIS/Include/core_cm4.h:1814:22:__NVIC_SetPriority	16	static
../Core/Src/main.c:52:5:main	8	static
../Core/Src/main.c:66:6:confTIMER	4	static
../Core/Src/main.c:76:6:confDAC	4	static
../Core/Src/main.c:81:6:confRCC	4	static
../Core/Src/main.c:87:6:configNVIC	8	static
../Core/Src/main.c:95:6:confGPIO	4	static
../Core/Src/main.c:99:6:SN_sawtooth	16	static
../Core/Src/main.c:112:6:SN_triangle	16	static
../Core/Src/main.c:129:6:SN_sine	24	static
../Core/Src/main.c:150:6:setClkPLL	8	static
../Core/Src/main.c:170:6:TIM6_DAC_IRQHandler	8	static
