14:49:39 **** Incremental Build of configuration Debug for project ADCJP ****
make -j8 all 
arm-none-eabi-gcc "../Core/Src/conf.c" -mcpu=cortex-m4 -std=gnu11 -g3 -DDEBUG -DUSE_HAL_DRIVER -DSTM32F446xx -c -I../Core/Inc -I../Drivers/STM32F4xx_HAL_Driver/Inc -I../Drivers/STM32F4xx_HAL_Driver/Inc/Legacy -I../Drivers/CMSIS/Device/ST/STM32F4xx/Include -I../Drivers/CMSIS/Include -O0 -ffunction-sections -fdata-sections -Wall -fstack-usage -fcyclomatic-complexity -MMD -MP -MF"Core/Src/conf.d" -MT"Core/Src/conf.o" --specs=nano.specs -mfpu=fpv4-sp-d16 -mfloat-abi=hard -mthumb -o "Core/Src/conf.o"
arm-none-eabi-gcc "../Core/Src/main.c" -mcpu=cortex-m4 -std=gnu11 -g3 -DDEBUG -DUSE_HAL_DRIVER -DSTM32F446xx -c -I../Core/Inc -I../Drivers/STM32F4xx_HAL_Driver/Inc -I../Drivers/STM32F4xx_HAL_Driver/Inc/Legacy -I../Drivers/CMSIS/Device/ST/STM32F4xx/Include -I../Drivers/CMSIS/Include -O0 -ffunction-sections -fdata-sections -Wall -fstack-usage -fcyclomatic-complexity -MMD -MP -MF"Core/Src/main.d" -MT"Core/Src/main.o" --specs=nano.specs -mfpu=fpv4-sp-d16 -mfloat-abi=hard -mthumb -o "Core/Src/main.o"
arm-none-eabi-gcc -o "ADCJP.elf" @"objects.list"   -mcpu=cortex-m4 -T"/home/kevin/STM32CubeIDE/workspace2/ADCJP/STM32F446ZETX_FLASH.ld" --specs=nosys.specs -Wl,-Map="ADCJP.map" -Wl,--gc-sections -static --specs=nano.specs -mfpu=fpv4-sp-d16 -mfloat-abi=hard -mthumb -Wl,--start-group -lc -lm -Wl,--end-group
Finished building target: ADCJP.elf
 
arm-none-eabi-size  ADCJP.elf 
arm-none-eabi-objdump -h -S ADCJP.elf  > "ADCJP.list"
   text	   data	    bss	    dec	    hex	filename
   1220	      4	   1572	   2796	    aec	ADCJP.elf
Finished building: default.size.stdout
 
Finished building: ADCJP.list
 

14:49:40 Build Finished. 0 errors, 0 warnings. (took 783ms)

