20:02:45 **** Incremental Build of configuration Debug for project CARRITOBLUEPILL ****
make -j8 all 
arm-none-eabi-gcc "../Core/Src/conf.c" -mcpu=cortex-m3 -std=gnu11 -g3 -DDEBUG -DUSE_HAL_DRIVER -DSTM32F103xB -c -I../Core/Inc -I../Drivers/STM32F1xx_HAL_Driver/Inc/Legacy -I../Drivers/STM32F1xx_HAL_Driver/Inc -I../Drivers/CMSIS/Device/ST/STM32F1xx/Include -I../Drivers/CMSIS/Include -O0 -ffunction-sections -fdata-sections -Wall -fstack-usage -fcyclomatic-complexity -MMD -MP -MF"Core/Src/conf.d" -MT"Core/Src/conf.o" --specs=nano.specs -mfloat-abi=soft -mthumb -o "Core/Src/conf.o"
arm-none-eabi-gcc "../Core/Src/main.c" -mcpu=cortex-m3 -std=gnu11 -g3 -DDEBUG -DUSE_HAL_DRIVER -DSTM32F103xB -c -I../Core/Inc -I../Drivers/STM32F1xx_HAL_Driver/Inc/Legacy -I../Drivers/STM32F1xx_HAL_Driver/Inc -I../Drivers/CMSIS/Device/ST/STM32F1xx/Include -I../Drivers/CMSIS/Include -O0 -ffunction-sections -fdata-sections -Wall -fstack-usage -fcyclomatic-complexity -MMD -MP -MF"Core/Src/main.d" -MT"Core/Src/main.o" --specs=nano.specs -mfloat-abi=soft -mthumb -o "Core/Src/main.o"
arm-none-eabi-gcc -o "CARRITOBLUEPILL.elf" @"objects.list"   -mcpu=cortex-m3 -T"/home/kevin/STM32CubeIDE/workspace2/CARRITOBLUEPILL/STM32F103C8TX_FLASH.ld" --specs=nosys.specs -Wl,-Map="CARRITOBLUEPILL.map" -Wl,--gc-sections -static --specs=nano.specs -mfloat-abi=soft -mthumb -Wl,--start-group -lc -lm -Wl,--end-group
Finished building target: CARRITOBLUEPILL.elf
 
arm-none-eabi-size  CARRITOBLUEPILL.elf 
arm-none-eabi-objdump -h -S CARRITOBLUEPILL.elf  > "CARRITOBLUEPILL.list"
   text	   data	    bss	    dec	    hex	filename
  10292	     20	   1700	  12012	   2eec	CARRITOBLUEPILL.elf
Finished building: default.size.stdout
 
Finished building: CARRITOBLUEPILL.list
 

20:02:45 Build Finished. 0 errors, 0 warnings. (took 351ms)

