17:05:49 **** Incremental Build of configuration Debug for project TFTRAYPILL ****
make -j8 all 
arm-none-eabi-size  TFTRAYPILL.elf 
   text	   data	    bss	    dec	    hex	filename
   8964	     12	   1660	  10636	   298c	TFTRAYPILL.elf
Finished building: default.size.stdout
 
17:05:53 **** Incremental Build of configuration Debug for project TFTRAYPILL ****
make -j8 all 
arm-none-eabi-size  TFTRAYPILL.elf 
   text	   data	    bss	    dec	    hex	filename
   8964	     12	   1660	  10636	   298c	TFTRAYPILL.elf
Finished building: default.size.stdout
 
17:06:33 **** Incremental Build of configuration Debug for project TFTRAYPILL ****
make -j8 all 
arm-none-eabi-size  TFTRAYPILL.elf 
   text	   data	    bss	    dec	    hex	filename
   8964	     12	   1660	  10636	   298c	TFTRAYPILL.elf
Finished building: default.size.stdout
 
