12:18:44 **** Incremental Build of configuration Debug for project PRACTICA10SENSOR-LCDI2C ****
make -j8 all 
arm-none-eabi-gcc "../Core/Src/main.c" -mcpu=cortex-m4 -std=gnu11 -g3 -DDEBUG -DUSE_HAL_DRIVER -DSTM32F446xx -c -I../Core/Inc -I../Drivers/STM32F4xx_HAL_Driver/Inc -I../Drivers/STM32F4xx_HAL_Driver/Inc/Legacy -I../Drivers/CMSIS/Device/ST/STM32F4xx/Include -I../Drivers/CMSIS/Include -O0 -ffunction-sections -fdata-sections -Wall -fstack-usage -fcyclomatic-complexity -MMD -MP -MF"Core/Src/main.d" -MT"Core/Src/main.o" --specs=nano.specs -mfpu=fpv4-sp-d16 -mfloat-abi=hard -mthumb -o "Core/Src/main.o"
arm-none-eabi-gcc -o "PRACTICA10SENSOR-LCDI2C.elf" @"objects.list"   -mcpu=cortex-m4 -T"/home/kevin/STM32CubeIDE/workspace2/PRACTICA10SENSOR-LCDI2C/STM32F446ZETX_FLASH.ld" --specs=nosys.specs -Wl,-Map="PRACTICA10SENSOR-LCDI2C.map" -Wl,--gc-sections -static --specs=nano.specs -mfpu=fpv4-sp-d16 -mfloat-abi=hard -mthumb -Wl,--start-group -lc -lm -Wl,--end-group
Finished building target: PRACTICA10SENSOR-LCDI2C.elf
 
arm-none-eabi-size  PRACTICA10SENSOR-LCDI2C.elf 
arm-none-eabi-objdump -h -S PRACTICA10SENSOR-LCDI2C.elf  > "PRACTICA10SENSOR-LCDI2C.list"
   text	   data	    bss	    dec	    hex	filename
   4664	      4	   1572	   6240	   1860	PRACTICA10SENSOR-LCDI2C.elf
Finished building: default.size.stdout
 
Finished building: PRACTICA10SENSOR-LCDI2C.list
 
12:18:46 **** Incremental Build of configuration Debug for project PRACTICA10SENSOR-LCDI2C ****
make -j8 all 
arm-none-eabi-size  PRACTICA10SENSOR-LCDI2C.elf 
   text	   data	    bss	    dec	    hex	filename
   4664	      4	   1572	   6240	   1860	PRACTICA10SENSOR-LCDI2C.elf
Finished building: default.size.stdout
 
12:19:36 **** Incremental Build of configuration Debug for project PRACTICA10SENSOR-LCDI2C ****
make -j8 all 
arm-none-eabi-gcc "../Core/Src/main.c" -mcpu=cortex-m4 -std=gnu11 -g3 -DDEBUG -DUSE_HAL_DRIVER -DSTM32F446xx -c -I../Core/Inc -I../Drivers/STM32F4xx_HAL_Driver/Inc -I../Drivers/STM32F4xx_HAL_Driver/Inc/Legacy -I../Drivers/CMSIS/Device/ST/STM32F4xx/Include -I../Drivers/CMSIS/Include -O0 -ffunction-sections -fdata-sections -Wall -fstack-usage -fcyclomatic-complexity -MMD -MP -MF"Core/Src/main.d" -MT"Core/Src/main.o" --specs=nano.specs -mfpu=fpv4-sp-d16 -mfloat-abi=hard -mthumb -o "Core/Src/main.o"
../Core/Src/main.c: In function 'main':
../Core/Src/main.c:30:17: warning: unused variable 'y' [-Wunused-variable]
   30 |         uint8_t y=0;
      |                 ^
../Core/Src/main.c:29:17: warning: unused variable 'x' [-Wunused-variable]
   29 |         uint8_t x=0;
      |                 ^
arm-none-eabi-gcc -o "PRACTICA10SENSOR-LCDI2C.elf" @"objects.list"   -mcpu=cortex-m4 -T"/home/kevin/STM32CubeIDE/workspace2/PRACTICA10SENSOR-LCDI2C/STM32F446ZETX_FLASH.ld" --specs=nosys.specs -Wl,-Map="PRACTICA10SENSOR-LCDI2C.map" -Wl,--gc-sections -static --specs=nano.specs -mfpu=fpv4-sp-d16 -mfloat-abi=hard -mthumb -Wl,--start-group -lc -lm -Wl,--end-group
Finished building target: PRACTICA10SENSOR-LCDI2C.elf
 
arm-none-eabi-size  PRACTICA10SENSOR-LCDI2C.elf 
arm-none-eabi-objdump -h -S PRACTICA10SENSOR-LCDI2C.elf  > "PRACTICA10SENSOR-LCDI2C.list"
   text	   data	    bss	    dec	    hex	filename
   4672	      4	   1572	   6248	   1868	PRACTICA10SENSOR-LCDI2C.elf
Finished building: default.size.stdout
 
Finished building: PRACTICA10SENSOR-LCDI2C.list
 
