19:18:09 **** Incremental Build of configuration Debug for project PRACTICA8IIRFILTER ****
make -j8 all 
arm-none-eabi-gcc "../Core/Src/main.c" -mcpu=cortex-m4 -std=gnu11 -g3 -DDEBUG -DUSE_HAL_DRIVER -DSTM32F446xx -c -I../Core/Inc -I../Drivers/STM32F4xx_HAL_Driver/Inc -I../Drivers/STM32F4xx_HAL_Driver/Inc/Legacy -I../Drivers/CMSIS/Device/ST/STM32F4xx/Include -I../Drivers/CMSIS/Include -O0 -ffunction-sections -fdata-sections -Wall -fstack-usage -fcyclomatic-complexity -MMD -MP -MF"Core/Src/main.d" -MT"Core/Src/main.o" --specs=nano.specs -mfpu=fpv4-sp-d16 -mfloat-abi=hard -mthumb -o "Core/Src/main.o"
arm-none-eabi-gcc -o "PRACTICA8IIRFILTER.elf" @"objects.list"   -mcpu=cortex-m4 -T"/home/kevin/STM32CubeIDE/workspace2/PRACTICA8IIRFILTER/STM32F446ZETX_FLASH.ld" --specs=nosys.specs -Wl,-Map="PRACTICA8IIRFILTER.map" -Wl,--gc-sections -static --specs=nano.specs -mfpu=fpv4-sp-d16 -mfloat-abi=hard -mthumb -Wl,--start-group -lc -lm -Wl,--end-group
Finished building target: PRACTICA8IIRFILTER.elf
 
arm-none-eabi-size  PRACTICA8IIRFILTER.elf 
arm-none-eabi-objdump -h -S PRACTICA8IIRFILTER.elf  > "PRACTICA8IIRFILTER.list"
   text	   data	    bss	    dec	    hex	filename
   3996	      4	   1972	   5972	   1754	PRACTICA8IIRFILTER.elf
Finished building: default.size.stdout
 
Finished building: PRACTICA8IIRFILTER.list
 

19:18:09 Build Finished. 0 errors, 0 warnings. (took 676ms)

