16:16:18 **** Incremental Build of configuration Debug for project PRACTICA9MASTER ****
make -j8 all 
arm-none-eabi-gcc "../Core/Src/main.c" -mcpu=cortex-m4 -std=gnu11 -g3 -DDEBUG -DUSE_HAL_DRIVER -DSTM32F446xx -c -I../Core/Inc -I../Drivers/STM32F4xx_HAL_Driver/Inc -I../Drivers/STM32F4xx_HAL_Driver/Inc/Legacy -I../Drivers/CMSIS/Device/ST/STM32F4xx/Include -I../Drivers/CMSIS/Include -O0 -ffunction-sections -fdata-sections -Wall -fstack-usage -fcyclomatic-complexity -MMD -MP -MF"Core/Src/main.d" -MT"Core/Src/main.o" --specs=nano.specs -mfpu=fpv4-sp-d16 -mfloat-abi=hard -mthumb -o "Core/Src/main.o"
../Core/Src/main.c:2:1: warning: "/*" within comment [-Wcomment]
    2 | /*
      |  
../Core/Src/main.c: In function 'main':
../Core/Src/main.c:43:22: warning: passing argument 1 of 'USART_SendString' discards 'const' qualifier from pointer target type [-Wdiscarded-qualifiers]
   43 |     USART_SendString(string);
      |                      ^~~~~~
In file included from ../Core/Src/main.c:18:
../Core/Inc/comusart.h:9:23: note: expected 'char *' but argument is of type 'const uint8_t *' {aka 'const unsigned char *'}
    9 | void USART_SendString(char*);
      |                       ^~~~~
arm-none-eabi-gcc -o "PRACTICA9MASTER.elf" @"objects.list"   -mcpu=cortex-m4 -T"/home/kevin/STM32CubeIDE/workspace2/PRACTICA9MASTER/STM32F446ZETX_FLASH.ld" --specs=nosys.specs -Wl,-Map="PRACTICA9MASTER.map" -Wl,--gc-sections -static --specs=nano.specs -mfpu=fpv4-sp-d16 -mfloat-abi=hard -mthumb -Wl,--start-group -lc -lm -Wl,--end-group
Finished building target: PRACTICA9MASTER.elf
 
arm-none-eabi-size  PRACTICA9MASTER.elf 
arm-none-eabi-objdump -h -S PRACTICA9MASTER.elf  > "PRACTICA9MASTER.list"
   text	   data	    bss	    dec	    hex	filename
   1556	      4	   1572	   3132	    c3c	PRACTICA9MASTER.elf
Finished building: default.size.stdout
 
Finished building: PRACTICA9MASTER.list
 

16:16:19 Build Finished. 0 errors, 2 warnings. (took 513ms)

