23:44:54 **** Incremental Build of configuration Debug for project TOGGLELD ****
make -j8 all 
arm-none-eabi-gcc "../Core/Src/main.c" -mcpu=cortex-m3 -std=gnu11 -g3 -DDEBUG -DUSE_HAL_DRIVER -DSTM32F103xB -c -I../Core/Inc -I../Drivers/STM32F1xx_HAL_Driver/Inc/Legacy -I../Drivers/STM32F1xx_HAL_Driver/Inc -I../Drivers/CMSIS/Device/ST/STM32F1xx/Include -I../Drivers/CMSIS/Include -O0 -ffunction-sections -fdata-sections -Wall -fstack-usage -fcyclomatic-complexity -MMD -MP -MF"Core/Src/main.d" -MT"Core/Src/main.o" --specs=nano.specs -mfloat-abi=soft -mthumb -o "Core/Src/main.o"
arm-none-eabi-gcc -o "TOGGLELD.elf" @"objects.list"   -mcpu=cortex-m3 -T"/home/kevin/STM32CubeIDE/workspace2/TOGGLELD/STM32F103C8TX_FLASH.ld" --specs=nosys.specs -Wl,-Map="TOGGLELD.map" -Wl,--gc-sections -static --specs=nano.specs -mfloat-abi=soft -mthumb -Wl,--start-group -lc -lm -Wl,--end-group
Finished building target: TOGGLELD.elf
 
arm-none-eabi-size  TOGGLELD.elf 
arm-none-eabi-objdump -h -S TOGGLELD.elf  > "TOGGLELD.list"
   text	   data	    bss	    dec	    hex	filename
   4588	     12	   1572	   6172	   181c	TOGGLELD.elf
Finished building: default.size.stdout
 
Finished building: TOGGLELD.list
 

23:44:55 Build Finished. 0 errors, 0 warnings. (took 474ms)

